gui.h:44:5:adc1_read	16	static
gui.h:55:7:Get_AC_RMS	24	static
gui.h:65:5:Get_RPM	8	static
gui.h:69:6:gui_lcd_config	8	static
gui.h:79:6:main_menu	8	static
gui.h:86:6:setting_menu	16	static
gui.h:96:6:set_param	24	static
gui.h:124:6:run	16	static
gui.h:206:6:setting	8	static
gui.h:228:6:gui	8	static
gui.h:244:6:HAL_TIM_PeriodElapsedCallback	16	static
gui.h:250:6:HAL_GPIO_EXTI_Callback	24	static
main.c:76:5:main	8	static
main.c:136:6:SystemClock_Config	96	static
main.c:185:13:MX_ADC_Init	24	static
main.c:237:13:MX_I2C1_Init	8	static
main.c:283:13:MX_TIM14_Init	8	static
main.c:314:13:MX_GPIO_Init	48	static
main.c:400:6:Error_Handler	8	static
