stm32f0xx_hal_smbus.c:276:19:HAL_SMBUS_Init	16	static
stm32f0xx_hal_smbus.c:396:19:HAL_SMBUS_DeInit	16	static
stm32f0xx_hal_smbus.c:441:13:HAL_SMBUS_MspInit	16	static
stm32f0xx_hal_smbus.c:457:13:HAL_SMBUS_MspDeInit	16	static
stm32f0xx_hal_smbus.c:476:19:HAL_SMBUS_ConfigAnalogFilter	16	static
stm32f0xx_hal_smbus.c:520:19:HAL_SMBUS_ConfigDigitalFilter	24	static
stm32f0xx_hal_smbus.c:917:19:HAL_SMBUS_Master_Transmit_IT	48	static
stm32f0xx_hal_smbus.c:1018:19:HAL_SMBUS_Master_Receive_IT	48	static
stm32f0xx_hal_smbus.c:1110:19:HAL_SMBUS_Master_Abort_IT	24	static
stm32f0xx_hal_smbus.c:1175:19:HAL_SMBUS_Slave_Transmit_IT	32	static
stm32f0xx_hal_smbus.c:1271:19:HAL_SMBUS_Slave_Receive_IT	32	static
stm32f0xx_hal_smbus.c:1350:19:HAL_SMBUS_EnableListen_IT	16	static
stm32f0xx_hal_smbus.c:1366:19:HAL_SMBUS_DisableListen_IT	16	static
stm32f0xx_hal_smbus.c:1390:19:HAL_SMBUS_EnableAlert_IT	16	static
stm32f0xx_hal_smbus.c:1409:19:HAL_SMBUS_DisableAlert_IT	16	static
stm32f0xx_hal_smbus.c:1430:19:HAL_SMBUS_IsDeviceReady	40	static
stm32f0xx_hal_smbus.c:1571:6:HAL_SMBUS_EV_IRQHandler	24	static
stm32f0xx_hal_smbus.c:1647:6:HAL_SMBUS_ER_IRQHandler	16	static
stm32f0xx_hal_smbus.c:1658:13:HAL_SMBUS_MasterTxCpltCallback	16	static
stm32f0xx_hal_smbus.c:1674:13:HAL_SMBUS_MasterRxCpltCallback	16	static
stm32f0xx_hal_smbus.c:1689:13:HAL_SMBUS_SlaveTxCpltCallback	16	static
stm32f0xx_hal_smbus.c:1705:13:HAL_SMBUS_SlaveRxCpltCallback	16	static
stm32f0xx_hal_smbus.c:1723:13:HAL_SMBUS_AddrCallback	16	static
stm32f0xx_hal_smbus.c:1741:13:HAL_SMBUS_ListenCpltCallback	16	static
stm32f0xx_hal_smbus.c:1757:13:HAL_SMBUS_ErrorCallback	16	static
stm32f0xx_hal_smbus.c:1792:10:HAL_SMBUS_GetState	16	static
stm32f0xx_hal_smbus.c:1804:10:HAL_SMBUS_GetError	16	static
stm32f0xx_hal_smbus.c:1829:26:SMBUS_Master_ISR	40	static
stm32f0xx_hal_smbus.c:2114:26:SMBUS_Slave_ISR	40	static
stm32f0xx_hal_smbus.c:2372:13:SMBUS_Enable_IRQ	24	static
stm32f0xx_hal_smbus.c:2412:13:SMBUS_Disable_IRQ	24	static
stm32f0xx_hal_smbus.c:2484:13:SMBUS_ITErrorHandler	32	static
stm32f0xx_hal_smbus.c:2585:26:SMBUS_WaitOnFlagUntilTimeout	32	static
stm32f0xx_hal_smbus.c:2635:13:SMBUS_TransferConfig	32	static
stm32f0xx_hal_smbus.c:2657:13:SMBUS_ConvertOtherXferOptions	16	static
